{
  "test": "0.2",
  "array": [
    "test1", "test2", "test3"
  ]
}